// Jest Snapshot v1, https://goo.gl/fbAQLP

exports[`PollForm renders properly 1`] = `
ShallowWrapper {
  "length": 1,
  Symbol(enzyme.__root__): [Circular],
  Symbol(enzyme.__unrendered__): <Unknown
    error={null}
    handleSubmit={[Function]}
    onCancel={[Function]}
    onSubmit={[Function]}
    waiting={false}
/>,
  Symbol(enzyme.__renderer__): Object {
    "batchedUpdates": [Function],
    "getNode": [Function],
    "render": [Function],
    "simulateEvent": [Function],
    "unmount": [Function],
  },
  Symbol(enzyme.__node__): Object {
    "instance": null,
    "key": undefined,
    "nodeType": "host",
    "props": Object {
      "children": <form
        onSubmit={undefined}
>
        <Row>
                <Field
                        component={[Function]}
                        icon="question_answer"
                        label="What question would you like to ask?"
                        name="question"
                />
        </Row>
        <Row>
                <FieldArray
                        component={[Function]}
                        name="choices"
                />
        </Row>
        <Row>
                 
        </Row>
        <Row>
                <Button
                        className="btn btn-back red white-text"
                        node="button"
                        onClick={[Function]}
                        type="button"
                >
                        Cancel
                        <Icon
                                left={true}
                        >
                                close
                        </Icon>
                </Button>
                <Button
                        className="btn-next teal right white-text"
                        node="button"
                        waves="light"
                >
                        Next
                        <Icon
                                right={true}
                        >
                                keyboard_arrow_right
                        </Icon>
                </Button>
        </Row>
</form>,
    },
    "ref": null,
    "rendered": Object {
      "instance": null,
      "key": undefined,
      "nodeType": "host",
      "props": Object {
        "children": Array [
          <Row>
            <Field
                        component={[Function]}
                        icon="question_answer"
                        label="What question would you like to ask?"
                        name="question"
            />
</Row>,
          <Row>
            <FieldArray
                        component={[Function]}
                        name="choices"
            />
</Row>,
          <Row>
             
</Row>,
          <Row>
            <Button
                        className="btn btn-back red white-text"
                        node="button"
                        onClick={[Function]}
                        type="button"
            >
                        Cancel
                        <Icon
                                    left={true}
                        >
                                    close
                        </Icon>
            </Button>
            <Button
                        className="btn-next teal right white-text"
                        node="button"
                        waves="light"
            >
                        Next
                        <Icon
                                    right={true}
                        >
                                    keyboard_arrow_right
                        </Icon>
            </Button>
</Row>,
        ],
        "onSubmit": undefined,
      },
      "ref": null,
      "rendered": Array [
        Object {
          "instance": null,
          "key": undefined,
          "nodeType": "function",
          "props": Object {
            "children": <Field
              component={[Function]}
              icon="question_answer"
              label="What question would you like to ask?"
              name="question"
/>,
          },
          "ref": null,
          "rendered": Object {
            "instance": null,
            "key": undefined,
            "nodeType": "class",
            "props": Object {
              "component": [Function],
              "icon": "question_answer",
              "label": "What question would you like to ask?",
              "name": "question",
            },
            "ref": null,
            "rendered": null,
            "type": [Function],
          },
          "type": [Function],
        },
        Object {
          "instance": null,
          "key": undefined,
          "nodeType": "function",
          "props": Object {
            "children": <FieldArray
              component={[Function]}
              name="choices"
/>,
          },
          "ref": null,
          "rendered": Object {
            "instance": null,
            "key": undefined,
            "nodeType": "class",
            "props": Object {
              "component": [Function],
              "name": "choices",
            },
            "ref": null,
            "rendered": null,
            "type": [Function],
          },
          "type": [Function],
        },
        Object {
          "instance": null,
          "key": undefined,
          "nodeType": "function",
          "props": Object {
            "children": " ",
          },
          "ref": null,
          "rendered": " ",
          "type": [Function],
        },
        Object {
          "instance": null,
          "key": undefined,
          "nodeType": "function",
          "props": Object {
            "children": Array [
              <Button
                className="btn btn-back red white-text"
                node="button"
                onClick={[Function]}
                type="button"
>
                Cancel
                <Icon
                                left={true}
                >
                                close
                </Icon>
</Button>,
              undefined,
              <Button
                className="btn-next teal right white-text"
                node="button"
                waves="light"
>
                Next
                <Icon
                                right={true}
                >
                                keyboard_arrow_right
                </Icon>
</Button>,
            ],
          },
          "ref": null,
          "rendered": Array [
            Object {
              "instance": null,
              "key": undefined,
              "nodeType": "class",
              "props": Object {
                "children": Array [
                  "Cancel",
                  <Icon
                    left={true}
>
                    close
</Icon>,
                ],
                "className": "btn btn-back red white-text",
                "node": "button",
                "onClick": [Function],
                "type": "button",
              },
              "ref": null,
              "rendered": Array [
                "Cancel",
                Object {
                  "instance": null,
                  "key": undefined,
                  "nodeType": "function",
                  "props": Object {
                    "children": "close",
                    "left": true,
                  },
                  "ref": null,
                  "rendered": "close",
                  "type": [Function],
                },
              ],
              "type": [Function],
            },
            undefined,
            Object {
              "instance": null,
              "key": undefined,
              "nodeType": "class",
              "props": Object {
                "children": Array [
                  "Next",
                  <Icon
                    right={true}
>
                    keyboard_arrow_right
</Icon>,
                ],
                "className": "btn-next teal right white-text",
                "node": "button",
                "waves": "light",
              },
              "ref": null,
              "rendered": Array [
                "Next",
                Object {
                  "instance": null,
                  "key": undefined,
                  "nodeType": "function",
                  "props": Object {
                    "children": "keyboard_arrow_right",
                    "right": true,
                  },
                  "ref": null,
                  "rendered": "keyboard_arrow_right",
                  "type": [Function],
                },
              ],
              "type": [Function],
            },
          ],
          "type": [Function],
        },
      ],
      "type": "form",
    },
    "type": "div",
  },
  Symbol(enzyme.__nodes__): Array [
    Object {
      "instance": null,
      "key": undefined,
      "nodeType": "host",
      "props": Object {
        "children": <form
          onSubmit={undefined}
>
          <Row>
                    <Field
                              component={[Function]}
                              icon="question_answer"
                              label="What question would you like to ask?"
                              name="question"
                    />
          </Row>
          <Row>
                    <FieldArray
                              component={[Function]}
                              name="choices"
                    />
          </Row>
          <Row>
                     
          </Row>
          <Row>
                    <Button
                              className="btn btn-back red white-text"
                              node="button"
                              onClick={[Function]}
                              type="button"
                    >
                              Cancel
                              <Icon
                                        left={true}
                              >
                                        close
                              </Icon>
                    </Button>
                    <Button
                              className="btn-next teal right white-text"
                              node="button"
                              waves="light"
                    >
                              Next
                              <Icon
                                        right={true}
                              >
                                        keyboard_arrow_right
                              </Icon>
                    </Button>
          </Row>
</form>,
      },
      "ref": null,
      "rendered": Object {
        "instance": null,
        "key": undefined,
        "nodeType": "host",
        "props": Object {
          "children": Array [
            <Row>
              <Field
                            component={[Function]}
                            icon="question_answer"
                            label="What question would you like to ask?"
                            name="question"
              />
</Row>,
            <Row>
              <FieldArray
                            component={[Function]}
                            name="choices"
              />
</Row>,
            <Row>
               
</Row>,
            <Row>
              <Button
                            className="btn btn-back red white-text"
                            node="button"
                            onClick={[Function]}
                            type="button"
              >
                            Cancel
                            <Icon
                                          left={true}
                            >
                                          close
                            </Icon>
              </Button>
              <Button
                            className="btn-next teal right white-text"
                            node="button"
                            waves="light"
              >
                            Next
                            <Icon
                                          right={true}
                            >
                                          keyboard_arrow_right
                            </Icon>
              </Button>
</Row>,
          ],
          "onSubmit": undefined,
        },
        "ref": null,
        "rendered": Array [
          Object {
            "instance": null,
            "key": undefined,
            "nodeType": "function",
            "props": Object {
              "children": <Field
                component={[Function]}
                icon="question_answer"
                label="What question would you like to ask?"
                name="question"
/>,
            },
            "ref": null,
            "rendered": Object {
              "instance": null,
              "key": undefined,
              "nodeType": "class",
              "props": Object {
                "component": [Function],
                "icon": "question_answer",
                "label": "What question would you like to ask?",
                "name": "question",
              },
              "ref": null,
              "rendered": null,
              "type": [Function],
            },
            "type": [Function],
          },
          Object {
            "instance": null,
            "key": undefined,
            "nodeType": "function",
            "props": Object {
              "children": <FieldArray
                component={[Function]}
                name="choices"
/>,
            },
            "ref": null,
            "rendered": Object {
              "instance": null,
              "key": undefined,
              "nodeType": "class",
              "props": Object {
                "component": [Function],
                "name": "choices",
              },
              "ref": null,
              "rendered": null,
              "type": [Function],
            },
            "type": [Function],
          },
          Object {
            "instance": null,
            "key": undefined,
            "nodeType": "function",
            "props": Object {
              "children": " ",
            },
            "ref": null,
            "rendered": " ",
            "type": [Function],
          },
          Object {
            "instance": null,
            "key": undefined,
            "nodeType": "function",
            "props": Object {
              "children": Array [
                <Button
                  className="btn btn-back red white-text"
                  node="button"
                  onClick={[Function]}
                  type="button"
>
                  Cancel
                  <Icon
                                    left={true}
                  >
                                    close
                  </Icon>
</Button>,
                undefined,
                <Button
                  className="btn-next teal right white-text"
                  node="button"
                  waves="light"
>
                  Next
                  <Icon
                                    right={true}
                  >
                                    keyboard_arrow_right
                  </Icon>
</Button>,
              ],
            },
            "ref": null,
            "rendered": Array [
              Object {
                "instance": null,
                "key": undefined,
                "nodeType": "class",
                "props": Object {
                  "children": Array [
                    "Cancel",
                    <Icon
                      left={true}
>
                      close
</Icon>,
                  ],
                  "className": "btn btn-back red white-text",
                  "node": "button",
                  "onClick": [Function],
                  "type": "button",
                },
                "ref": null,
                "rendered": Array [
                  "Cancel",
                  Object {
                    "instance": null,
                    "key": undefined,
                    "nodeType": "function",
                    "props": Object {
                      "children": "close",
                      "left": true,
                    },
                    "ref": null,
                    "rendered": "close",
                    "type": [Function],
                  },
                ],
                "type": [Function],
              },
              undefined,
              Object {
                "instance": null,
                "key": undefined,
                "nodeType": "class",
                "props": Object {
                  "children": Array [
                    "Next",
                    <Icon
                      right={true}
>
                      keyboard_arrow_right
</Icon>,
                  ],
                  "className": "btn-next teal right white-text",
                  "node": "button",
                  "waves": "light",
                },
                "ref": null,
                "rendered": Array [
                  "Next",
                  Object {
                    "instance": null,
                    "key": undefined,
                    "nodeType": "function",
                    "props": Object {
                      "children": "keyboard_arrow_right",
                      "right": true,
                    },
                    "ref": null,
                    "rendered": "keyboard_arrow_right",
                    "type": [Function],
                  },
                ],
                "type": [Function],
              },
            ],
            "type": [Function],
          },
        ],
        "type": "form",
      },
      "type": "div",
    },
  ],
  Symbol(enzyme.__options__): Object {
    "adapter": ReactSixteenAdapter {
      "options": Object {
        "enableComponentDidUpdateOnSetState": true,
      },
    },
    "disableLifecycleMethods": true,
  },
}
`;
