// Jest Snapshot v1, https://goo.gl/fbAQLP

exports[`PollList renders properly 1`] = `
ShallowWrapper {
  "length": 1,
  Symbol(enzyme.__root__): [Circular],
  Symbol(enzyme.__unrendered__): <PollList
    title="Test Title"
/>,
  Symbol(enzyme.__renderer__): Object {
    "batchedUpdates": [Function],
    "getNode": [Function],
    "render": [Function],
    "simulateEvent": [Function],
    "unmount": [Function],
  },
  Symbol(enzyme.__node__): Object {
    "instance": null,
    "key": undefined,
    "nodeType": "host",
    "props": Object {
      "children": Array [
        <Row>
          <h6
                    className="header section-title"
          >
                    Test Title
                    <span
                              className="right"
                    >
                              Respondents
                    </span>
          </h6>
</Row>,
        <Row>
          <Collection>
                    <li
                              className="center-align collection-item empty"
                    >
                              There are no polls to show. Why don't you create one?
                    </li>
          </Collection>
</Row>,
        <Row
          className="center-align"
>
          <Pagination
                    activePage={1}
                    items={1000}
                    maxButtons={undefined}
                    onSelect={[Function]}
          />
</Row>,
      ],
    },
    "ref": null,
    "rendered": Array [
      Object {
        "instance": null,
        "key": undefined,
        "nodeType": "function",
        "props": Object {
          "children": <h6
            className="header section-title"
>
            Test Title
            <span
                        className="right"
            >
                        Respondents
            </span>
</h6>,
        },
        "ref": null,
        "rendered": Object {
          "instance": null,
          "key": undefined,
          "nodeType": "host",
          "props": Object {
            "children": Array [
              "Test Title",
              <span
                className="right"
>
                Respondents
</span>,
            ],
            "className": "header section-title",
          },
          "ref": null,
          "rendered": Array [
            "Test Title",
            Object {
              "instance": null,
              "key": undefined,
              "nodeType": "host",
              "props": Object {
                "children": "Respondents",
                "className": "right",
              },
              "ref": null,
              "rendered": "Respondents",
              "type": "span",
            },
          ],
          "type": "h6",
        },
        "type": [Function],
      },
      Object {
        "instance": null,
        "key": undefined,
        "nodeType": "function",
        "props": Object {
          "children": <Collection>
            <li
                        className="center-align collection-item empty"
            >
                        There are no polls to show. Why don't you create one?
            </li>
</Collection>,
        },
        "ref": null,
        "rendered": Object {
          "instance": null,
          "key": undefined,
          "nodeType": "class",
          "props": Object {
            "children": <li
              className="center-align collection-item empty"
>
              There are no polls to show. Why don't you create one?
</li>,
          },
          "ref": null,
          "rendered": Object {
            "instance": null,
            "key": undefined,
            "nodeType": "host",
            "props": Object {
              "children": "There are no polls to show. Why don't you create one?",
              "className": "center-align collection-item empty",
            },
            "ref": null,
            "rendered": "There are no polls to show. Why don't you create one?",
            "type": "li",
          },
          "type": [Function],
        },
        "type": [Function],
      },
      Object {
        "instance": null,
        "key": undefined,
        "nodeType": "function",
        "props": Object {
          "children": <Pagination
            activePage={1}
            items={1000}
            maxButtons={undefined}
            onSelect={[Function]}
/>,
          "className": "center-align",
        },
        "ref": null,
        "rendered": Object {
          "instance": null,
          "key": undefined,
          "nodeType": "class",
          "props": Object {
            "activePage": 1,
            "items": 1000,
            "maxButtons": undefined,
            "onSelect": [Function],
          },
          "ref": null,
          "rendered": null,
          "type": [Function],
        },
        "type": [Function],
      },
    ],
    "type": "div",
  },
  Symbol(enzyme.__nodes__): Array [
    Object {
      "instance": null,
      "key": undefined,
      "nodeType": "host",
      "props": Object {
        "children": Array [
          <Row>
            <h6
                        className="header section-title"
            >
                        Test Title
                        <span
                                    className="right"
                        >
                                    Respondents
                        </span>
            </h6>
</Row>,
          <Row>
            <Collection>
                        <li
                                    className="center-align collection-item empty"
                        >
                                    There are no polls to show. Why don't you create one?
                        </li>
            </Collection>
</Row>,
          <Row
            className="center-align"
>
            <Pagination
                        activePage={1}
                        items={1000}
                        maxButtons={undefined}
                        onSelect={[Function]}
            />
</Row>,
        ],
      },
      "ref": null,
      "rendered": Array [
        Object {
          "instance": null,
          "key": undefined,
          "nodeType": "function",
          "props": Object {
            "children": <h6
              className="header section-title"
>
              Test Title
              <span
                            className="right"
              >
                            Respondents
              </span>
</h6>,
          },
          "ref": null,
          "rendered": Object {
            "instance": null,
            "key": undefined,
            "nodeType": "host",
            "props": Object {
              "children": Array [
                "Test Title",
                <span
                  className="right"
>
                  Respondents
</span>,
              ],
              "className": "header section-title",
            },
            "ref": null,
            "rendered": Array [
              "Test Title",
              Object {
                "instance": null,
                "key": undefined,
                "nodeType": "host",
                "props": Object {
                  "children": "Respondents",
                  "className": "right",
                },
                "ref": null,
                "rendered": "Respondents",
                "type": "span",
              },
            ],
            "type": "h6",
          },
          "type": [Function],
        },
        Object {
          "instance": null,
          "key": undefined,
          "nodeType": "function",
          "props": Object {
            "children": <Collection>
              <li
                            className="center-align collection-item empty"
              >
                            There are no polls to show. Why don't you create one?
              </li>
</Collection>,
          },
          "ref": null,
          "rendered": Object {
            "instance": null,
            "key": undefined,
            "nodeType": "class",
            "props": Object {
              "children": <li
                className="center-align collection-item empty"
>
                There are no polls to show. Why don't you create one?
</li>,
            },
            "ref": null,
            "rendered": Object {
              "instance": null,
              "key": undefined,
              "nodeType": "host",
              "props": Object {
                "children": "There are no polls to show. Why don't you create one?",
                "className": "center-align collection-item empty",
              },
              "ref": null,
              "rendered": "There are no polls to show. Why don't you create one?",
              "type": "li",
            },
            "type": [Function],
          },
          "type": [Function],
        },
        Object {
          "instance": null,
          "key": undefined,
          "nodeType": "function",
          "props": Object {
            "children": <Pagination
              activePage={1}
              items={1000}
              maxButtons={undefined}
              onSelect={[Function]}
/>,
            "className": "center-align",
          },
          "ref": null,
          "rendered": Object {
            "instance": null,
            "key": undefined,
            "nodeType": "class",
            "props": Object {
              "activePage": 1,
              "items": 1000,
              "maxButtons": undefined,
              "onSelect": [Function],
            },
            "ref": null,
            "rendered": null,
            "type": [Function],
          },
          "type": [Function],
        },
      ],
      "type": "div",
    },
  ],
  Symbol(enzyme.__options__): Object {
    "adapter": ReactSixteenAdapter {
      "options": Object {
        "enableComponentDidUpdateOnSetState": true,
      },
    },
    "disableLifecycleMethods": true,
  },
}
`;
