// Jest Snapshot v1, https://goo.gl/fbAQLP

exports[`PollEdit renders properly 1`] = `
ShallowWrapper {
  "length": 1,
  Symbol(enzyme.__root__): [Circular],
  Symbol(enzyme.__unrendered__): <PollEdit
    auth={true}
    deletePoll={[Function]}
    editPoll={[Function]}
    formValues={Object {}}
    history={Object {}}
    onCancel={[Function]}
/>,
  Symbol(enzyme.__renderer__): Object {
    "batchedUpdates": [Function],
    "getNode": [Function],
    "render": [Function],
    "simulateEvent": [Function],
    "unmount": [Function],
  },
  Symbol(enzyme.__node__): Object {
    "instance": null,
    "key": undefined,
    "nodeType": "class",
    "props": Object {
      "initialValues": Object {},
      "onCancel": [Function],
      "onDelete": [Function],
      "onReset": undefined,
      "onSubmit": [Function],
    },
    "ref": null,
    "rendered": null,
    "type": [Function],
  },
  Symbol(enzyme.__nodes__): Array [
    Object {
      "instance": null,
      "key": undefined,
      "nodeType": "class",
      "props": Object {
        "initialValues": Object {},
        "onCancel": [Function],
        "onDelete": [Function],
        "onReset": undefined,
        "onSubmit": [Function],
      },
      "ref": null,
      "rendered": null,
      "type": [Function],
    },
  ],
  Symbol(enzyme.__options__): Object {
    "adapter": ReactSixteenAdapter {
      "options": Object {
        "enableComponentDidUpdateOnSetState": true,
      },
    },
    "disableLifecycleMethods": true,
  },
}
`;
