// Jest Snapshot v1, https://goo.gl/fbAQLP

exports[`PollDetail renders correctly 1`] = `
ShallowWrapper {
  "length": 1,
  Symbol(enzyme.__root__): [Circular],
  Symbol(enzyme.__unrendered__): <PollDetail />,
  Symbol(enzyme.__renderer__): Object {
    "batchedUpdates": [Function],
    "getNode": [Function],
    "render": [Function],
    "simulateEvent": [Function],
    "unmount": [Function],
  },
  Symbol(enzyme.__node__): Object {
    "instance": null,
    "key": undefined,
    "nodeType": "host",
    "props": Object {
      "children": <Card
        className="darken-1"
        title="Who is your favorite Starfleet captain?"
>
        <div
                className="choices"
        />
        <Row
                className="center-align"
        >
                <Button
                        className="teal"
                        disabled={true}
                        node="button"
                >
                        Vote
                </Button>
        </Row>
</Card>,
      "className": "container",
    },
    "ref": null,
    "rendered": Object {
      "instance": null,
      "key": undefined,
      "nodeType": "function",
      "props": Object {
        "children": Array [
          <div
            className="choices"
/>,
          <Row
            className="center-align"
>
            <Button
                        className="teal"
                        disabled={true}
                        node="button"
            >
                        Vote
            </Button>
</Row>,
        ],
        "className": "darken-1",
        "title": "Who is your favorite Starfleet captain?",
      },
      "ref": null,
      "rendered": Array [
        Object {
          "instance": null,
          "key": undefined,
          "nodeType": "host",
          "props": Object {
            "children": undefined,
            "className": "choices",
          },
          "ref": null,
          "rendered": null,
          "type": "div",
        },
        Object {
          "instance": null,
          "key": undefined,
          "nodeType": "function",
          "props": Object {
            "children": <Button
              className="teal"
              disabled={true}
              node="button"
>
              Vote
</Button>,
            "className": "center-align",
          },
          "ref": null,
          "rendered": Object {
            "instance": null,
            "key": undefined,
            "nodeType": "class",
            "props": Object {
              "children": "Vote",
              "className": "teal",
              "disabled": true,
              "node": "button",
            },
            "ref": null,
            "rendered": "Vote",
            "type": [Function],
          },
          "type": [Function],
        },
      ],
      "type": [Function],
    },
    "type": "div",
  },
  Symbol(enzyme.__nodes__): Array [
    Object {
      "instance": null,
      "key": undefined,
      "nodeType": "host",
      "props": Object {
        "children": <Card
          className="darken-1"
          title="Who is your favorite Starfleet captain?"
>
          <div
                    className="choices"
          />
          <Row
                    className="center-align"
          >
                    <Button
                              className="teal"
                              disabled={true}
                              node="button"
                    >
                              Vote
                    </Button>
          </Row>
</Card>,
        "className": "container",
      },
      "ref": null,
      "rendered": Object {
        "instance": null,
        "key": undefined,
        "nodeType": "function",
        "props": Object {
          "children": Array [
            <div
              className="choices"
/>,
            <Row
              className="center-align"
>
              <Button
                            className="teal"
                            disabled={true}
                            node="button"
              >
                            Vote
              </Button>
</Row>,
          ],
          "className": "darken-1",
          "title": "Who is your favorite Starfleet captain?",
        },
        "ref": null,
        "rendered": Array [
          Object {
            "instance": null,
            "key": undefined,
            "nodeType": "host",
            "props": Object {
              "children": undefined,
              "className": "choices",
            },
            "ref": null,
            "rendered": null,
            "type": "div",
          },
          Object {
            "instance": null,
            "key": undefined,
            "nodeType": "function",
            "props": Object {
              "children": <Button
                className="teal"
                disabled={true}
                node="button"
>
                Vote
</Button>,
              "className": "center-align",
            },
            "ref": null,
            "rendered": Object {
              "instance": null,
              "key": undefined,
              "nodeType": "class",
              "props": Object {
                "children": "Vote",
                "className": "teal",
                "disabled": true,
                "node": "button",
              },
              "ref": null,
              "rendered": "Vote",
              "type": [Function],
            },
            "type": [Function],
          },
        ],
        "type": [Function],
      },
      "type": "div",
    },
  ],
  Symbol(enzyme.__options__): Object {
    "adapter": ReactSixteenAdapter {
      "options": Object {
        "enableComponentDidUpdateOnSetState": true,
      },
    },
    "disableLifecycleMethods": true,
  },
}
`;
