// Jest Snapshot v1, https://goo.gl/fbAQLP

exports[`PollFormReview renders properly 1`] = `
ShallowWrapper {
  "length": 1,
  Symbol(enzyme.__root__): [Circular],
  Symbol(enzyme.__unrendered__): <Unknown
    formValues={
        Object {
            "choices": Array [
              0,
              1,
              undefined,
              undefined,
              undefined,
              undefined,
            ],
            "question": "Who is your favorite Starfleet captain?",
          }
    }
    history={Object {}}
    onCancel={[Function]}
    submitPoll={[Function]}
/>,
  Symbol(enzyme.__renderer__): Object {
    "batchedUpdates": [Function],
    "getNode": [Function],
    "render": [Function],
    "simulateEvent": [Function],
    "unmount": [Function],
  },
  Symbol(enzyme.__node__): Object {
    "instance": null,
    "key": undefined,
    "nodeType": "host",
    "props": Object {
      "children": Array [
        <h5>
          Please confirm your poll
</h5>,
        <Row>
          <Card
                    className="darken-1"
                    title="Who is your favorite Starfleet captain?"
          >
                    <div
                              className="choices"
                    >
                              
                    </div>
                    <Row
                              className="center-align"
                    >
                              <Button
                                        className="teal"
                                        disabled={true}
                                        node="button"
                              >
                                        Vote
                              </Button>
                    </Row>
          </Card>
</Row>,
        <Row>
          <Button
                    className="red btn-back btn-flat white-text"
                    node="a"
                    onClick={[Function]}
                    waves="light"
          >
                    Back
                    <Icon
                              left={true}
                    >
                              keyboard_arrow_left
                    </Icon>
          </Button>
          <Button
                    className="teal btn-create btn-flat right white-text"
                    node="button"
                    onClick={[Function]}
                    waves="light"
          >
                    Create
                    <Icon
                              right={true}
                    >
                              create
                    </Icon>
          </Button>
</Row>,
      ],
    },
    "ref": null,
    "rendered": Array [
      Object {
        "instance": null,
        "key": undefined,
        "nodeType": "host",
        "props": Object {
          "children": "Please confirm your poll",
        },
        "ref": null,
        "rendered": "Please confirm your poll",
        "type": "h5",
      },
      Object {
        "instance": null,
        "key": undefined,
        "nodeType": "function",
        "props": Object {
          "children": <Card
            className="darken-1"
            title="Who is your favorite Starfleet captain?"
>
            <div
                        className="choices"
            >
                        
            </div>
            <Row
                        className="center-align"
            >
                        <Button
                                    className="teal"
                                    disabled={true}
                                    node="button"
                        >
                                    Vote
                        </Button>
            </Row>
</Card>,
        },
        "ref": null,
        "rendered": Object {
          "instance": null,
          "key": undefined,
          "nodeType": "class",
          "props": Object {
            "children": Array [
              <div
                className="choices"
>
                
</div>,
              <Row
                className="center-align"
>
                <Button
                                className="teal"
                                disabled={true}
                                node="button"
                >
                                Vote
                </Button>
</Row>,
            ],
            "className": "darken-1",
            "title": "Who is your favorite Starfleet captain?",
          },
          "ref": null,
          "rendered": Array [
            Object {
              "instance": null,
              "key": undefined,
              "nodeType": "host",
              "props": Object {
                "children": Array [],
                "className": "choices",
              },
              "ref": null,
              "rendered": Array [],
              "type": "div",
            },
            Object {
              "instance": null,
              "key": undefined,
              "nodeType": "function",
              "props": Object {
                "children": <Button
                  className="teal"
                  disabled={true}
                  node="button"
>
                  Vote
</Button>,
                "className": "center-align",
              },
              "ref": null,
              "rendered": Object {
                "instance": null,
                "key": undefined,
                "nodeType": "class",
                "props": Object {
                  "children": "Vote",
                  "className": "teal",
                  "disabled": true,
                  "node": "button",
                },
                "ref": null,
                "rendered": "Vote",
                "type": [Function],
              },
              "type": [Function],
            },
          ],
          "type": [Function],
        },
        "type": [Function],
      },
      Object {
        "instance": null,
        "key": undefined,
        "nodeType": "function",
        "props": Object {
          "children": Array [
            <Button
              className="red btn-back btn-flat white-text"
              node="a"
              onClick={[Function]}
              waves="light"
>
              Back
              <Icon
                            left={true}
              >
                            keyboard_arrow_left
              </Icon>
</Button>,
            <Button
              className="teal btn-create btn-flat right white-text"
              node="button"
              onClick={[Function]}
              waves="light"
>
              Create
              <Icon
                            right={true}
              >
                            create
              </Icon>
</Button>,
          ],
        },
        "ref": null,
        "rendered": Array [
          Object {
            "instance": null,
            "key": undefined,
            "nodeType": "class",
            "props": Object {
              "children": Array [
                "Back",
                <Icon
                  left={true}
>
                  keyboard_arrow_left
</Icon>,
              ],
              "className": "red btn-back btn-flat white-text",
              "node": "a",
              "onClick": [Function],
              "waves": "light",
            },
            "ref": null,
            "rendered": Array [
              "Back",
              Object {
                "instance": null,
                "key": undefined,
                "nodeType": "function",
                "props": Object {
                  "children": "keyboard_arrow_left",
                  "left": true,
                },
                "ref": null,
                "rendered": "keyboard_arrow_left",
                "type": [Function],
              },
            ],
            "type": [Function],
          },
          Object {
            "instance": null,
            "key": undefined,
            "nodeType": "class",
            "props": Object {
              "children": Array [
                "Create",
                <Icon
                  right={true}
>
                  create
</Icon>,
              ],
              "className": "teal btn-create btn-flat right white-text",
              "node": "button",
              "onClick": [Function],
              "waves": "light",
            },
            "ref": null,
            "rendered": Array [
              "Create",
              Object {
                "instance": null,
                "key": undefined,
                "nodeType": "function",
                "props": Object {
                  "children": "create",
                  "right": true,
                },
                "ref": null,
                "rendered": "create",
                "type": [Function],
              },
            ],
            "type": [Function],
          },
        ],
        "type": [Function],
      },
    ],
    "type": "div",
  },
  Symbol(enzyme.__nodes__): Array [
    Object {
      "instance": null,
      "key": undefined,
      "nodeType": "host",
      "props": Object {
        "children": Array [
          <h5>
            Please confirm your poll
</h5>,
          <Row>
            <Card
                        className="darken-1"
                        title="Who is your favorite Starfleet captain?"
            >
                        <div
                                    className="choices"
                        >
                                    
                        </div>
                        <Row
                                    className="center-align"
                        >
                                    <Button
                                                className="teal"
                                                disabled={true}
                                                node="button"
                                    >
                                                Vote
                                    </Button>
                        </Row>
            </Card>
</Row>,
          <Row>
            <Button
                        className="red btn-back btn-flat white-text"
                        node="a"
                        onClick={[Function]}
                        waves="light"
            >
                        Back
                        <Icon
                                    left={true}
                        >
                                    keyboard_arrow_left
                        </Icon>
            </Button>
            <Button
                        className="teal btn-create btn-flat right white-text"
                        node="button"
                        onClick={[Function]}
                        waves="light"
            >
                        Create
                        <Icon
                                    right={true}
                        >
                                    create
                        </Icon>
            </Button>
</Row>,
        ],
      },
      "ref": null,
      "rendered": Array [
        Object {
          "instance": null,
          "key": undefined,
          "nodeType": "host",
          "props": Object {
            "children": "Please confirm your poll",
          },
          "ref": null,
          "rendered": "Please confirm your poll",
          "type": "h5",
        },
        Object {
          "instance": null,
          "key": undefined,
          "nodeType": "function",
          "props": Object {
            "children": <Card
              className="darken-1"
              title="Who is your favorite Starfleet captain?"
>
              <div
                            className="choices"
              >
                            
              </div>
              <Row
                            className="center-align"
              >
                            <Button
                                          className="teal"
                                          disabled={true}
                                          node="button"
                            >
                                          Vote
                            </Button>
              </Row>
</Card>,
          },
          "ref": null,
          "rendered": Object {
            "instance": null,
            "key": undefined,
            "nodeType": "class",
            "props": Object {
              "children": Array [
                <div
                  className="choices"
>
                  
</div>,
                <Row
                  className="center-align"
>
                  <Button
                                    className="teal"
                                    disabled={true}
                                    node="button"
                  >
                                    Vote
                  </Button>
</Row>,
              ],
              "className": "darken-1",
              "title": "Who is your favorite Starfleet captain?",
            },
            "ref": null,
            "rendered": Array [
              Object {
                "instance": null,
                "key": undefined,
                "nodeType": "host",
                "props": Object {
                  "children": Array [],
                  "className": "choices",
                },
                "ref": null,
                "rendered": Array [],
                "type": "div",
              },
              Object {
                "instance": null,
                "key": undefined,
                "nodeType": "function",
                "props": Object {
                  "children": <Button
                    className="teal"
                    disabled={true}
                    node="button"
>
                    Vote
</Button>,
                  "className": "center-align",
                },
                "ref": null,
                "rendered": Object {
                  "instance": null,
                  "key": undefined,
                  "nodeType": "class",
                  "props": Object {
                    "children": "Vote",
                    "className": "teal",
                    "disabled": true,
                    "node": "button",
                  },
                  "ref": null,
                  "rendered": "Vote",
                  "type": [Function],
                },
                "type": [Function],
              },
            ],
            "type": [Function],
          },
          "type": [Function],
        },
        Object {
          "instance": null,
          "key": undefined,
          "nodeType": "function",
          "props": Object {
            "children": Array [
              <Button
                className="red btn-back btn-flat white-text"
                node="a"
                onClick={[Function]}
                waves="light"
>
                Back
                <Icon
                                left={true}
                >
                                keyboard_arrow_left
                </Icon>
</Button>,
              <Button
                className="teal btn-create btn-flat right white-text"
                node="button"
                onClick={[Function]}
                waves="light"
>
                Create
                <Icon
                                right={true}
                >
                                create
                </Icon>
</Button>,
            ],
          },
          "ref": null,
          "rendered": Array [
            Object {
              "instance": null,
              "key": undefined,
              "nodeType": "class",
              "props": Object {
                "children": Array [
                  "Back",
                  <Icon
                    left={true}
>
                    keyboard_arrow_left
</Icon>,
                ],
                "className": "red btn-back btn-flat white-text",
                "node": "a",
                "onClick": [Function],
                "waves": "light",
              },
              "ref": null,
              "rendered": Array [
                "Back",
                Object {
                  "instance": null,
                  "key": undefined,
                  "nodeType": "function",
                  "props": Object {
                    "children": "keyboard_arrow_left",
                    "left": true,
                  },
                  "ref": null,
                  "rendered": "keyboard_arrow_left",
                  "type": [Function],
                },
              ],
              "type": [Function],
            },
            Object {
              "instance": null,
              "key": undefined,
              "nodeType": "class",
              "props": Object {
                "children": Array [
                  "Create",
                  <Icon
                    right={true}
>
                    create
</Icon>,
                ],
                "className": "teal btn-create btn-flat right white-text",
                "node": "button",
                "onClick": [Function],
                "waves": "light",
              },
              "ref": null,
              "rendered": Array [
                "Create",
                Object {
                  "instance": null,
                  "key": undefined,
                  "nodeType": "function",
                  "props": Object {
                    "children": "create",
                    "right": true,
                  },
                  "ref": null,
                  "rendered": "create",
                  "type": [Function],
                },
              ],
              "type": [Function],
            },
          ],
          "type": [Function],
        },
      ],
      "type": "div",
    },
  ],
  Symbol(enzyme.__options__): Object {
    "adapter": ReactSixteenAdapter {
      "options": Object {
        "enableComponentDidUpdateOnSetState": true,
      },
    },
    "disableLifecycleMethods": true,
  },
}
`;
