// Jest Snapshot v1, https://goo.gl/fbAQLP

exports[`Footer renders properly 1`] = `
ShallowWrapper {
  "length": 1,
  Symbol(enzyme.__root__): [Circular],
  Symbol(enzyme.__unrendered__): <Footer />,
  Symbol(enzyme.__renderer__): Object {
    "batchedUpdates": [Function],
    "getNode": [Function],
    "render": [Function],
    "simulateEvent": [Function],
    "unmount": [Function],
  },
  Symbol(enzyme.__node__): Object {
    "instance": null,
    "key": undefined,
    "nodeType": "host",
    "props": Object {
      "children": Array [
        <div
          className="container"
>
          <div
                    className="row"
          >
                    <div>
                              <p>
                                        Footer
                              </p>
                    </div>
          </div>
</div>,
        <div
          className="footer-copyright"
>
          <div
                    className="container"
          >
                    © 2014 Copyright Text
                    <a
                              className="grey-text text-lighten-4 right"
                              href="#!"
                    >
                              More Links
                    </a>
          </div>
</div>,
      ],
      "className": "page-footer",
    },
    "ref": null,
    "rendered": Array [
      Object {
        "instance": null,
        "key": undefined,
        "nodeType": "host",
        "props": Object {
          "children": <div
            className="row"
>
            <div>
                        <p>
                                    Footer
                        </p>
            </div>
</div>,
          "className": "container",
        },
        "ref": null,
        "rendered": Object {
          "instance": null,
          "key": undefined,
          "nodeType": "host",
          "props": Object {
            "children": <div>
              <p>
                            Footer
              </p>
</div>,
            "className": "row",
          },
          "ref": null,
          "rendered": Object {
            "instance": null,
            "key": undefined,
            "nodeType": "host",
            "props": Object {
              "children": <p>
                Footer
</p>,
            },
            "ref": null,
            "rendered": Object {
              "instance": null,
              "key": undefined,
              "nodeType": "host",
              "props": Object {
                "children": "Footer",
              },
              "ref": null,
              "rendered": "Footer",
              "type": "p",
            },
            "type": "div",
          },
          "type": "div",
        },
        "type": "div",
      },
      Object {
        "instance": null,
        "key": undefined,
        "nodeType": "host",
        "props": Object {
          "children": <div
            className="container"
>
            © 2014 Copyright Text
            <a
                        className="grey-text text-lighten-4 right"
                        href="#!"
            >
                        More Links
            </a>
</div>,
          "className": "footer-copyright",
        },
        "ref": null,
        "rendered": Object {
          "instance": null,
          "key": undefined,
          "nodeType": "host",
          "props": Object {
            "children": Array [
              "© 2014 Copyright Text",
              <a
                className="grey-text text-lighten-4 right"
                href="#!"
>
                More Links
</a>,
            ],
            "className": "container",
          },
          "ref": null,
          "rendered": Array [
            "© 2014 Copyright Text",
            Object {
              "instance": null,
              "key": undefined,
              "nodeType": "host",
              "props": Object {
                "children": "More Links",
                "className": "grey-text text-lighten-4 right",
                "href": "#!",
              },
              "ref": null,
              "rendered": "More Links",
              "type": "a",
            },
          ],
          "type": "div",
        },
        "type": "div",
      },
    ],
    "type": "footer",
  },
  Symbol(enzyme.__nodes__): Array [
    Object {
      "instance": null,
      "key": undefined,
      "nodeType": "host",
      "props": Object {
        "children": Array [
          <div
            className="container"
>
            <div
                        className="row"
            >
                        <div>
                                    <p>
                                                Footer
                                    </p>
                        </div>
            </div>
</div>,
          <div
            className="footer-copyright"
>
            <div
                        className="container"
            >
                        © 2014 Copyright Text
                        <a
                                    className="grey-text text-lighten-4 right"
                                    href="#!"
                        >
                                    More Links
                        </a>
            </div>
</div>,
        ],
        "className": "page-footer",
      },
      "ref": null,
      "rendered": Array [
        Object {
          "instance": null,
          "key": undefined,
          "nodeType": "host",
          "props": Object {
            "children": <div
              className="row"
>
              <div>
                            <p>
                                          Footer
                            </p>
              </div>
</div>,
            "className": "container",
          },
          "ref": null,
          "rendered": Object {
            "instance": null,
            "key": undefined,
            "nodeType": "host",
            "props": Object {
              "children": <div>
                <p>
                                Footer
                </p>
</div>,
              "className": "row",
            },
            "ref": null,
            "rendered": Object {
              "instance": null,
              "key": undefined,
              "nodeType": "host",
              "props": Object {
                "children": <p>
                  Footer
</p>,
              },
              "ref": null,
              "rendered": Object {
                "instance": null,
                "key": undefined,
                "nodeType": "host",
                "props": Object {
                  "children": "Footer",
                },
                "ref": null,
                "rendered": "Footer",
                "type": "p",
              },
              "type": "div",
            },
            "type": "div",
          },
          "type": "div",
        },
        Object {
          "instance": null,
          "key": undefined,
          "nodeType": "host",
          "props": Object {
            "children": <div
              className="container"
>
              © 2014 Copyright Text
              <a
                            className="grey-text text-lighten-4 right"
                            href="#!"
              >
                            More Links
              </a>
</div>,
            "className": "footer-copyright",
          },
          "ref": null,
          "rendered": Object {
            "instance": null,
            "key": undefined,
            "nodeType": "host",
            "props": Object {
              "children": Array [
                "© 2014 Copyright Text",
                <a
                  className="grey-text text-lighten-4 right"
                  href="#!"
>
                  More Links
</a>,
              ],
              "className": "container",
            },
            "ref": null,
            "rendered": Array [
              "© 2014 Copyright Text",
              Object {
                "instance": null,
                "key": undefined,
                "nodeType": "host",
                "props": Object {
                  "children": "More Links",
                  "className": "grey-text text-lighten-4 right",
                  "href": "#!",
                },
                "ref": null,
                "rendered": "More Links",
                "type": "a",
              },
            ],
            "type": "div",
          },
          "type": "div",
        },
      ],
      "type": "footer",
    },
  ],
  Symbol(enzyme.__options__): Object {
    "adapter": ReactSixteenAdapter {
      "options": Object {
        "enableComponentDidUpdateOnSetState": true,
      },
    },
    "disableLifecycleMethods": true,
  },
}
`;
