// Jest Snapshot v1, https://goo.gl/fbAQLP

exports[`Header renders properly 1`] = `
ShallowWrapper {
  "length": 1,
  Symbol(enzyme.__root__): [Circular],
  Symbol(enzyme.__unrendered__): <Unknown />,
  Symbol(enzyme.__renderer__): Object {
    "batchedUpdates": [Function],
    "getNode": [Function],
    "render": [Function],
    "simulateEvent": [Function],
    "unmount": [Function],
  },
  Symbol(enzyme.__node__): Object {
    "instance": null,
    "key": undefined,
    "nodeType": "host",
    "props": Object {
      "children": <div
        className="nav-wrapper container"
>
        <Link
                className="brand-logo"
                replace={false}
                to="/"
        >
                Simple Polls
        </Link>
        <ul
                className="right"
        >
                <li>
                        <NavLink
                                activeClassName="active"
                                ariaCurrent="true"
                                className="waves-effect waves-light"
                                to="/polls"
                        >
                                <i
                                        className="material-icons left"
                                >
                                        dashboard
                                </i>
                                Dashboard
                        </NavLink>
                </li>
                <li>
                        <NavLink
                                activeClassName="active"
                                ariaCurrent="true"
                                className="waves-effect waves-light"
                                to="/polls/new"
                        >
                                <i
                                        className="material-icons left"
                                >
                                        add
                                </i>
                                Create a Poll
                        </NavLink>
                </li>
                <li>
                        <a
                                className="navbar-item waves-effect waves-light"
                                href="/api/logout"
                        >
                                <i
                                        className="material-icons left"
                                >
                                        person
                                </i>
                                Sign Out
                        </a>
                </li>
        </ul>
</div>,
    },
    "ref": null,
    "rendered": Object {
      "instance": null,
      "key": undefined,
      "nodeType": "host",
      "props": Object {
        "children": Array [
          <Link
            className="brand-logo"
            replace={false}
            to="/"
>
            Simple Polls
</Link>,
          <ul
            className="right"
>
            <li>
                        <NavLink
                                    activeClassName="active"
                                    ariaCurrent="true"
                                    className="waves-effect waves-light"
                                    to="/polls"
                        >
                                    <i
                                                className="material-icons left"
                                    >
                                                dashboard
                                    </i>
                                    Dashboard
                        </NavLink>
            </li>
            <li>
                        <NavLink
                                    activeClassName="active"
                                    ariaCurrent="true"
                                    className="waves-effect waves-light"
                                    to="/polls/new"
                        >
                                    <i
                                                className="material-icons left"
                                    >
                                                add
                                    </i>
                                    Create a Poll
                        </NavLink>
            </li>
            <li>
                        <a
                                    className="navbar-item waves-effect waves-light"
                                    href="/api/logout"
                        >
                                    <i
                                                className="material-icons left"
                                    >
                                                person
                                    </i>
                                    Sign Out
                        </a>
            </li>
</ul>,
        ],
        "className": "nav-wrapper container",
      },
      "ref": null,
      "rendered": Array [
        Object {
          "instance": null,
          "key": undefined,
          "nodeType": "class",
          "props": Object {
            "children": "Simple Polls",
            "className": "brand-logo",
            "replace": false,
            "to": "/",
          },
          "ref": null,
          "rendered": "Simple Polls",
          "type": [Function],
        },
        Object {
          "instance": null,
          "key": undefined,
          "nodeType": "host",
          "props": Object {
            "children": Array [
              <li>
                <NavLink
                                activeClassName="active"
                                ariaCurrent="true"
                                className="waves-effect waves-light"
                                to="/polls"
                >
                                <i
                                                className="material-icons left"
                                >
                                                dashboard
                                </i>
                                Dashboard
                </NavLink>
</li>,
              <li>
                <NavLink
                                activeClassName="active"
                                ariaCurrent="true"
                                className="waves-effect waves-light"
                                to="/polls/new"
                >
                                <i
                                                className="material-icons left"
                                >
                                                add
                                </i>
                                Create a Poll
                </NavLink>
</li>,
              <li>
                <a
                                className="navbar-item waves-effect waves-light"
                                href="/api/logout"
                >
                                <i
                                                className="material-icons left"
                                >
                                                person
                                </i>
                                Sign Out
                </a>
</li>,
            ],
            "className": "right",
          },
          "ref": null,
          "rendered": Array [
            Object {
              "instance": null,
              "key": undefined,
              "nodeType": "host",
              "props": Object {
                "children": <NavLink
                  activeClassName="active"
                  ariaCurrent="true"
                  className="waves-effect waves-light"
                  to="/polls"
>
                  <i
                                    className="material-icons left"
                  >
                                    dashboard
                  </i>
                  Dashboard
</NavLink>,
              },
              "ref": null,
              "rendered": Object {
                "instance": null,
                "key": undefined,
                "nodeType": "function",
                "props": Object {
                  "activeClassName": "active",
                  "ariaCurrent": "true",
                  "children": Array [
                    <i
                      className="material-icons left"
>
                      dashboard
</i>,
                    "Dashboard",
                  ],
                  "className": "waves-effect waves-light",
                  "to": "/polls",
                },
                "ref": null,
                "rendered": Array [
                  Object {
                    "instance": null,
                    "key": undefined,
                    "nodeType": "host",
                    "props": Object {
                      "children": "dashboard",
                      "className": "material-icons left",
                    },
                    "ref": null,
                    "rendered": "dashboard",
                    "type": "i",
                  },
                  "Dashboard",
                ],
                "type": [Function],
              },
              "type": "li",
            },
            Object {
              "instance": null,
              "key": undefined,
              "nodeType": "host",
              "props": Object {
                "children": <NavLink
                  activeClassName="active"
                  ariaCurrent="true"
                  className="waves-effect waves-light"
                  to="/polls/new"
>
                  <i
                                    className="material-icons left"
                  >
                                    add
                  </i>
                  Create a Poll
</NavLink>,
              },
              "ref": null,
              "rendered": Object {
                "instance": null,
                "key": undefined,
                "nodeType": "function",
                "props": Object {
                  "activeClassName": "active",
                  "ariaCurrent": "true",
                  "children": Array [
                    <i
                      className="material-icons left"
>
                      add
</i>,
                    "Create a Poll",
                  ],
                  "className": "waves-effect waves-light",
                  "to": "/polls/new",
                },
                "ref": null,
                "rendered": Array [
                  Object {
                    "instance": null,
                    "key": undefined,
                    "nodeType": "host",
                    "props": Object {
                      "children": "add",
                      "className": "material-icons left",
                    },
                    "ref": null,
                    "rendered": "add",
                    "type": "i",
                  },
                  "Create a Poll",
                ],
                "type": [Function],
              },
              "type": "li",
            },
            Object {
              "instance": null,
              "key": undefined,
              "nodeType": "host",
              "props": Object {
                "children": <a
                  className="navbar-item waves-effect waves-light"
                  href="/api/logout"
>
                  <i
                                    className="material-icons left"
                  >
                                    person
                  </i>
                  Sign Out
</a>,
              },
              "ref": null,
              "rendered": Object {
                "instance": null,
                "key": undefined,
                "nodeType": "host",
                "props": Object {
                  "children": Array [
                    <i
                      className="material-icons left"
>
                      person
</i>,
                    "Sign Out",
                  ],
                  "className": "navbar-item waves-effect waves-light",
                  "href": "/api/logout",
                },
                "ref": null,
                "rendered": Array [
                  Object {
                    "instance": null,
                    "key": undefined,
                    "nodeType": "host",
                    "props": Object {
                      "children": "person",
                      "className": "material-icons left",
                    },
                    "ref": null,
                    "rendered": "person",
                    "type": "i",
                  },
                  "Sign Out",
                ],
                "type": "a",
              },
              "type": "li",
            },
          ],
          "type": "ul",
        },
      ],
      "type": "div",
    },
    "type": "nav",
  },
  Symbol(enzyme.__nodes__): Array [
    Object {
      "instance": null,
      "key": undefined,
      "nodeType": "host",
      "props": Object {
        "children": <div
          className="nav-wrapper container"
>
          <Link
                    className="brand-logo"
                    replace={false}
                    to="/"
          >
                    Simple Polls
          </Link>
          <ul
                    className="right"
          >
                    <li>
                              <NavLink
                                        activeClassName="active"
                                        ariaCurrent="true"
                                        className="waves-effect waves-light"
                                        to="/polls"
                              >
                                        <i
                                                  className="material-icons left"
                                        >
                                                  dashboard
                                        </i>
                                        Dashboard
                              </NavLink>
                    </li>
                    <li>
                              <NavLink
                                        activeClassName="active"
                                        ariaCurrent="true"
                                        className="waves-effect waves-light"
                                        to="/polls/new"
                              >
                                        <i
                                                  className="material-icons left"
                                        >
                                                  add
                                        </i>
                                        Create a Poll
                              </NavLink>
                    </li>
                    <li>
                              <a
                                        className="navbar-item waves-effect waves-light"
                                        href="/api/logout"
                              >
                                        <i
                                                  className="material-icons left"
                                        >
                                                  person
                                        </i>
                                        Sign Out
                              </a>
                    </li>
          </ul>
</div>,
      },
      "ref": null,
      "rendered": Object {
        "instance": null,
        "key": undefined,
        "nodeType": "host",
        "props": Object {
          "children": Array [
            <Link
              className="brand-logo"
              replace={false}
              to="/"
>
              Simple Polls
</Link>,
            <ul
              className="right"
>
              <li>
                            <NavLink
                                          activeClassName="active"
                                          ariaCurrent="true"
                                          className="waves-effect waves-light"
                                          to="/polls"
                            >
                                          <i
                                                        className="material-icons left"
                                          >
                                                        dashboard
                                          </i>
                                          Dashboard
                            </NavLink>
              </li>
              <li>
                            <NavLink
                                          activeClassName="active"
                                          ariaCurrent="true"
                                          className="waves-effect waves-light"
                                          to="/polls/new"
                            >
                                          <i
                                                        className="material-icons left"
                                          >
                                                        add
                                          </i>
                                          Create a Poll
                            </NavLink>
              </li>
              <li>
                            <a
                                          className="navbar-item waves-effect waves-light"
                                          href="/api/logout"
                            >
                                          <i
                                                        className="material-icons left"
                                          >
                                                        person
                                          </i>
                                          Sign Out
                            </a>
              </li>
</ul>,
          ],
          "className": "nav-wrapper container",
        },
        "ref": null,
        "rendered": Array [
          Object {
            "instance": null,
            "key": undefined,
            "nodeType": "class",
            "props": Object {
              "children": "Simple Polls",
              "className": "brand-logo",
              "replace": false,
              "to": "/",
            },
            "ref": null,
            "rendered": "Simple Polls",
            "type": [Function],
          },
          Object {
            "instance": null,
            "key": undefined,
            "nodeType": "host",
            "props": Object {
              "children": Array [
                <li>
                  <NavLink
                                    activeClassName="active"
                                    ariaCurrent="true"
                                    className="waves-effect waves-light"
                                    to="/polls"
                  >
                                    <i
                                                      className="material-icons left"
                                    >
                                                      dashboard
                                    </i>
                                    Dashboard
                  </NavLink>
</li>,
                <li>
                  <NavLink
                                    activeClassName="active"
                                    ariaCurrent="true"
                                    className="waves-effect waves-light"
                                    to="/polls/new"
                  >
                                    <i
                                                      className="material-icons left"
                                    >
                                                      add
                                    </i>
                                    Create a Poll
                  </NavLink>
</li>,
                <li>
                  <a
                                    className="navbar-item waves-effect waves-light"
                                    href="/api/logout"
                  >
                                    <i
                                                      className="material-icons left"
                                    >
                                                      person
                                    </i>
                                    Sign Out
                  </a>
</li>,
              ],
              "className": "right",
            },
            "ref": null,
            "rendered": Array [
              Object {
                "instance": null,
                "key": undefined,
                "nodeType": "host",
                "props": Object {
                  "children": <NavLink
                    activeClassName="active"
                    ariaCurrent="true"
                    className="waves-effect waves-light"
                    to="/polls"
>
                    <i
                                        className="material-icons left"
                    >
                                        dashboard
                    </i>
                    Dashboard
</NavLink>,
                },
                "ref": null,
                "rendered": Object {
                  "instance": null,
                  "key": undefined,
                  "nodeType": "function",
                  "props": Object {
                    "activeClassName": "active",
                    "ariaCurrent": "true",
                    "children": Array [
                      <i
                        className="material-icons left"
>
                        dashboard
</i>,
                      "Dashboard",
                    ],
                    "className": "waves-effect waves-light",
                    "to": "/polls",
                  },
                  "ref": null,
                  "rendered": Array [
                    Object {
                      "instance": null,
                      "key": undefined,
                      "nodeType": "host",
                      "props": Object {
                        "children": "dashboard",
                        "className": "material-icons left",
                      },
                      "ref": null,
                      "rendered": "dashboard",
                      "type": "i",
                    },
                    "Dashboard",
                  ],
                  "type": [Function],
                },
                "type": "li",
              },
              Object {
                "instance": null,
                "key": undefined,
                "nodeType": "host",
                "props": Object {
                  "children": <NavLink
                    activeClassName="active"
                    ariaCurrent="true"
                    className="waves-effect waves-light"
                    to="/polls/new"
>
                    <i
                                        className="material-icons left"
                    >
                                        add
                    </i>
                    Create a Poll
</NavLink>,
                },
                "ref": null,
                "rendered": Object {
                  "instance": null,
                  "key": undefined,
                  "nodeType": "function",
                  "props": Object {
                    "activeClassName": "active",
                    "ariaCurrent": "true",
                    "children": Array [
                      <i
                        className="material-icons left"
>
                        add
</i>,
                      "Create a Poll",
                    ],
                    "className": "waves-effect waves-light",
                    "to": "/polls/new",
                  },
                  "ref": null,
                  "rendered": Array [
                    Object {
                      "instance": null,
                      "key": undefined,
                      "nodeType": "host",
                      "props": Object {
                        "children": "add",
                        "className": "material-icons left",
                      },
                      "ref": null,
                      "rendered": "add",
                      "type": "i",
                    },
                    "Create a Poll",
                  ],
                  "type": [Function],
                },
                "type": "li",
              },
              Object {
                "instance": null,
                "key": undefined,
                "nodeType": "host",
                "props": Object {
                  "children": <a
                    className="navbar-item waves-effect waves-light"
                    href="/api/logout"
>
                    <i
                                        className="material-icons left"
                    >
                                        person
                    </i>
                    Sign Out
</a>,
                },
                "ref": null,
                "rendered": Object {
                  "instance": null,
                  "key": undefined,
                  "nodeType": "host",
                  "props": Object {
                    "children": Array [
                      <i
                        className="material-icons left"
>
                        person
</i>,
                      "Sign Out",
                    ],
                    "className": "navbar-item waves-effect waves-light",
                    "href": "/api/logout",
                  },
                  "ref": null,
                  "rendered": Array [
                    Object {
                      "instance": null,
                      "key": undefined,
                      "nodeType": "host",
                      "props": Object {
                        "children": "person",
                        "className": "material-icons left",
                      },
                      "ref": null,
                      "rendered": "person",
                      "type": "i",
                    },
                    "Sign Out",
                  ],
                  "type": "a",
                },
                "type": "li",
              },
            ],
            "type": "ul",
          },
        ],
        "type": "div",
      },
      "type": "nav",
    },
  ],
  Symbol(enzyme.__options__): Object {
    "adapter": ReactSixteenAdapter {
      "options": Object {
        "enableComponentDidUpdateOnSetState": true,
      },
    },
    "disableLifecycleMethods": true,
  },
}
`;
