// Jest Snapshot v1, https://goo.gl/fbAQLP

exports[`Dashboard renders properly 1`] = `
ShallowWrapper {
  Symbol(enzyme.__root__): [Circular],
  Symbol(enzyme.__unrendered__): <Dashboard
    fetchPolls={[MockFunction]}
    polls={Object {}}
  />,
  Symbol(enzyme.__renderer__): Object {
    "batchedUpdates": [Function],
    "getNode": [Function],
    "render": [Function],
    "simulateError": [Function],
    "simulateEvent": [Function],
    "unmount": [Function],
  },
  Symbol(enzyme.__node__): Object {
    "instance": null,
    "key": undefined,
    "nodeType": "class",
    "props": Object {
      "children": <Container>
        <Row>
          <h3>
            Dashboard
          </h3>
          <ul
            className="tabs"
          >
            <li
              className="tab col s3"
            >
              <a
                href="#my"
              >
                My Polls
              </a>
            </li>
            <li
              className="tab col s3"
            >
              <a
                href="#other"
              >
                Other Polls
              </a>
            </li>
          </ul>
        </Row>
        <Row>
          <div
            className="col s12"
            id="my"
          >
            <Connect(PollList)
              itemsPerPage={15}
              maxButtons={7}
              polls={Array []}
              title="Polls created by you:"
            />
          </div>
          <div
            className="col s12"
            id="other"
          >
            <Connect(PollList)
              itemsPerPage={15}
              maxButtons={7}
              polls={Array []}
              title="Polls created by other users:"
            />
          </div>
        </Row>
      </Container>,
      "node": "div",
    },
    "ref": null,
    "rendered": Object {
      "instance": null,
      "key": undefined,
      "nodeType": "function",
      "props": Object {
        "children": Array [
          <Row>
            <h3>
              Dashboard
            </h3>
            <ul
              className="tabs"
            >
              <li
                className="tab col s3"
              >
                <a
                  href="#my"
                >
                  My Polls
                </a>
              </li>
              <li
                className="tab col s3"
              >
                <a
                  href="#other"
                >
                  Other Polls
                </a>
              </li>
            </ul>
          </Row>,
          <Row>
            <div
              className="col s12"
              id="my"
            >
              <Connect(PollList)
                itemsPerPage={15}
                maxButtons={7}
                polls={Array []}
                title="Polls created by you:"
              />
            </div>
            <div
              className="col s12"
              id="other"
            >
              <Connect(PollList)
                itemsPerPage={15}
                maxButtons={7}
                polls={Array []}
                title="Polls created by other users:"
              />
            </div>
          </Row>,
        ],
      },
      "ref": null,
      "rendered": Array [
        Object {
          "instance": null,
          "key": undefined,
          "nodeType": "function",
          "props": Object {
            "children": Array [
              <h3>
                Dashboard
              </h3>,
              <ul
                className="tabs"
              >
                <li
                  className="tab col s3"
                >
                  <a
                    href="#my"
                  >
                    My Polls
                  </a>
                </li>
                <li
                  className="tab col s3"
                >
                  <a
                    href="#other"
                  >
                    Other Polls
                  </a>
                </li>
              </ul>,
            ],
          },
          "ref": null,
          "rendered": Array [
            Object {
              "instance": null,
              "key": undefined,
              "nodeType": "host",
              "props": Object {
                "children": "Dashboard",
              },
              "ref": null,
              "rendered": "Dashboard",
              "type": "h3",
            },
            Object {
              "instance": null,
              "key": undefined,
              "nodeType": "host",
              "props": Object {
                "children": Array [
                  <li
                    className="tab col s3"
                  >
                    <a
                      href="#my"
                    >
                      My Polls
                    </a>
                  </li>,
                  <li
                    className="tab col s3"
                  >
                    <a
                      href="#other"
                    >
                      Other Polls
                    </a>
                  </li>,
                ],
                "className": "tabs",
              },
              "ref": null,
              "rendered": Array [
                Object {
                  "instance": null,
                  "key": undefined,
                  "nodeType": "host",
                  "props": Object {
                    "children": <a
                      href="#my"
                    >
                      My Polls
                    </a>,
                    "className": "tab col s3",
                  },
                  "ref": null,
                  "rendered": Object {
                    "instance": null,
                    "key": undefined,
                    "nodeType": "host",
                    "props": Object {
                      "children": "My Polls",
                      "href": "#my",
                    },
                    "ref": null,
                    "rendered": "My Polls",
                    "type": "a",
                  },
                  "type": "li",
                },
                Object {
                  "instance": null,
                  "key": undefined,
                  "nodeType": "host",
                  "props": Object {
                    "children": <a
                      href="#other"
                    >
                      Other Polls
                    </a>,
                    "className": "tab col s3",
                  },
                  "ref": null,
                  "rendered": Object {
                    "instance": null,
                    "key": undefined,
                    "nodeType": "host",
                    "props": Object {
                      "children": "Other Polls",
                      "href": "#other",
                    },
                    "ref": null,
                    "rendered": "Other Polls",
                    "type": "a",
                  },
                  "type": "li",
                },
              ],
              "type": "ul",
            },
          ],
          "type": [Function],
        },
        Object {
          "instance": null,
          "key": undefined,
          "nodeType": "function",
          "props": Object {
            "children": Array [
              <div
                className="col s12"
                id="my"
              >
                <Connect(PollList)
                  itemsPerPage={15}
                  maxButtons={7}
                  polls={Array []}
                  title="Polls created by you:"
                />
              </div>,
              <div
                className="col s12"
                id="other"
              >
                <Connect(PollList)
                  itemsPerPage={15}
                  maxButtons={7}
                  polls={Array []}
                  title="Polls created by other users:"
                />
              </div>,
            ],
          },
          "ref": null,
          "rendered": Array [
            Object {
              "instance": null,
              "key": undefined,
              "nodeType": "host",
              "props": Object {
                "children": <Connect(PollList)
                  itemsPerPage={15}
                  maxButtons={7}
                  polls={Array []}
                  title="Polls created by you:"
                />,
                "className": "col s12",
                "id": "my",
              },
              "ref": null,
              "rendered": Object {
                "instance": null,
                "key": undefined,
                "nodeType": "class",
                "props": Object {
                  "itemsPerPage": 15,
                  "maxButtons": 7,
                  "polls": Array [],
                  "title": "Polls created by you:",
                },
                "ref": null,
                "rendered": null,
                "type": [Function],
              },
              "type": "div",
            },
            Object {
              "instance": null,
              "key": undefined,
              "nodeType": "host",
              "props": Object {
                "children": <Connect(PollList)
                  itemsPerPage={15}
                  maxButtons={7}
                  polls={Array []}
                  title="Polls created by other users:"
                />,
                "className": "col s12",
                "id": "other",
              },
              "ref": null,
              "rendered": Object {
                "instance": null,
                "key": undefined,
                "nodeType": "class",
                "props": Object {
                  "itemsPerPage": 15,
                  "maxButtons": 7,
                  "polls": Array [],
                  "title": "Polls created by other users:",
                },
                "ref": null,
                "rendered": null,
                "type": [Function],
              },
              "type": "div",
            },
          ],
          "type": [Function],
        },
      ],
      "type": [Function],
    },
    "type": [Function],
  },
  Symbol(enzyme.__nodes__): Array [
    Object {
      "instance": null,
      "key": undefined,
      "nodeType": "class",
      "props": Object {
        "children": <Container>
          <Row>
            <h3>
              Dashboard
            </h3>
            <ul
              className="tabs"
            >
              <li
                className="tab col s3"
              >
                <a
                  href="#my"
                >
                  My Polls
                </a>
              </li>
              <li
                className="tab col s3"
              >
                <a
                  href="#other"
                >
                  Other Polls
                </a>
              </li>
            </ul>
          </Row>
          <Row>
            <div
              className="col s12"
              id="my"
            >
              <Connect(PollList)
                itemsPerPage={15}
                maxButtons={7}
                polls={Array []}
                title="Polls created by you:"
              />
            </div>
            <div
              className="col s12"
              id="other"
            >
              <Connect(PollList)
                itemsPerPage={15}
                maxButtons={7}
                polls={Array []}
                title="Polls created by other users:"
              />
            </div>
          </Row>
        </Container>,
        "node": "div",
      },
      "ref": null,
      "rendered": Object {
        "instance": null,
        "key": undefined,
        "nodeType": "function",
        "props": Object {
          "children": Array [
            <Row>
              <h3>
                Dashboard
              </h3>
              <ul
                className="tabs"
              >
                <li
                  className="tab col s3"
                >
                  <a
                    href="#my"
                  >
                    My Polls
                  </a>
                </li>
                <li
                  className="tab col s3"
                >
                  <a
                    href="#other"
                  >
                    Other Polls
                  </a>
                </li>
              </ul>
            </Row>,
            <Row>
              <div
                className="col s12"
                id="my"
              >
                <Connect(PollList)
                  itemsPerPage={15}
                  maxButtons={7}
                  polls={Array []}
                  title="Polls created by you:"
                />
              </div>
              <div
                className="col s12"
                id="other"
              >
                <Connect(PollList)
                  itemsPerPage={15}
                  maxButtons={7}
                  polls={Array []}
                  title="Polls created by other users:"
                />
              </div>
            </Row>,
          ],
        },
        "ref": null,
        "rendered": Array [
          Object {
            "instance": null,
            "key": undefined,
            "nodeType": "function",
            "props": Object {
              "children": Array [
                <h3>
                  Dashboard
                </h3>,
                <ul
                  className="tabs"
                >
                  <li
                    className="tab col s3"
                  >
                    <a
                      href="#my"
                    >
                      My Polls
                    </a>
                  </li>
                  <li
                    className="tab col s3"
                  >
                    <a
                      href="#other"
                    >
                      Other Polls
                    </a>
                  </li>
                </ul>,
              ],
            },
            "ref": null,
            "rendered": Array [
              Object {
                "instance": null,
                "key": undefined,
                "nodeType": "host",
                "props": Object {
                  "children": "Dashboard",
                },
                "ref": null,
                "rendered": "Dashboard",
                "type": "h3",
              },
              Object {
                "instance": null,
                "key": undefined,
                "nodeType": "host",
                "props": Object {
                  "children": Array [
                    <li
                      className="tab col s3"
                    >
                      <a
                        href="#my"
                      >
                        My Polls
                      </a>
                    </li>,
                    <li
                      className="tab col s3"
                    >
                      <a
                        href="#other"
                      >
                        Other Polls
                      </a>
                    </li>,
                  ],
                  "className": "tabs",
                },
                "ref": null,
                "rendered": Array [
                  Object {
                    "instance": null,
                    "key": undefined,
                    "nodeType": "host",
                    "props": Object {
                      "children": <a
                        href="#my"
                      >
                        My Polls
                      </a>,
                      "className": "tab col s3",
                    },
                    "ref": null,
                    "rendered": Object {
                      "instance": null,
                      "key": undefined,
                      "nodeType": "host",
                      "props": Object {
                        "children": "My Polls",
                        "href": "#my",
                      },
                      "ref": null,
                      "rendered": "My Polls",
                      "type": "a",
                    },
                    "type": "li",
                  },
                  Object {
                    "instance": null,
                    "key": undefined,
                    "nodeType": "host",
                    "props": Object {
                      "children": <a
                        href="#other"
                      >
                        Other Polls
                      </a>,
                      "className": "tab col s3",
                    },
                    "ref": null,
                    "rendered": Object {
                      "instance": null,
                      "key": undefined,
                      "nodeType": "host",
                      "props": Object {
                        "children": "Other Polls",
                        "href": "#other",
                      },
                      "ref": null,
                      "rendered": "Other Polls",
                      "type": "a",
                    },
                    "type": "li",
                  },
                ],
                "type": "ul",
              },
            ],
            "type": [Function],
          },
          Object {
            "instance": null,
            "key": undefined,
            "nodeType": "function",
            "props": Object {
              "children": Array [
                <div
                  className="col s12"
                  id="my"
                >
                  <Connect(PollList)
                    itemsPerPage={15}
                    maxButtons={7}
                    polls={Array []}
                    title="Polls created by you:"
                  />
                </div>,
                <div
                  className="col s12"
                  id="other"
                >
                  <Connect(PollList)
                    itemsPerPage={15}
                    maxButtons={7}
                    polls={Array []}
                    title="Polls created by other users:"
                  />
                </div>,
              ],
            },
            "ref": null,
            "rendered": Array [
              Object {
                "instance": null,
                "key": undefined,
                "nodeType": "host",
                "props": Object {
                  "children": <Connect(PollList)
                    itemsPerPage={15}
                    maxButtons={7}
                    polls={Array []}
                    title="Polls created by you:"
                  />,
                  "className": "col s12",
                  "id": "my",
                },
                "ref": null,
                "rendered": Object {
                  "instance": null,
                  "key": undefined,
                  "nodeType": "class",
                  "props": Object {
                    "itemsPerPage": 15,
                    "maxButtons": 7,
                    "polls": Array [],
                    "title": "Polls created by you:",
                  },
                  "ref": null,
                  "rendered": null,
                  "type": [Function],
                },
                "type": "div",
              },
              Object {
                "instance": null,
                "key": undefined,
                "nodeType": "host",
                "props": Object {
                  "children": <Connect(PollList)
                    itemsPerPage={15}
                    maxButtons={7}
                    polls={Array []}
                    title="Polls created by other users:"
                  />,
                  "className": "col s12",
                  "id": "other",
                },
                "ref": null,
                "rendered": Object {
                  "instance": null,
                  "key": undefined,
                  "nodeType": "class",
                  "props": Object {
                    "itemsPerPage": 15,
                    "maxButtons": 7,
                    "polls": Array [],
                    "title": "Polls created by other users:",
                  },
                  "ref": null,
                  "rendered": null,
                  "type": [Function],
                },
                "type": "div",
              },
            ],
            "type": [Function],
          },
        ],
        "type": [Function],
      },
      "type": [Function],
    },
  ],
  Symbol(enzyme.__options__): Object {
    "adapter": ReactSixteenAdapter {
      "options": Object {
        "enableComponentDidUpdateOnSetState": true,
        "lifecycles": Object {
          "componentDidUpdate": Object {
            "onSetState": true,
          },
          "getDerivedStateFromProps": true,
          "getSnapshotBeforeUpdate": true,
          "setState": Object {
            "skipsComponentDidUpdateOnNullish": true,
          },
        },
      },
    },
    "disableLifecycleMethods": true,
  },
}
`;
